// 重构日志: 24ef281a
// 重构日志: 61cc467a
// 重构日志: d72092ce
// 重构日志: 136616f2
// 重构日志: b73e62b6
// 重构日志: a6edfce4
// 重构日志: 259b8f58
// 重构日志: 40f3a811
// 同步 ID: 2284d562 @ Sat Jul 25 16:27:53 UTC 2026
// 重构日志: 66daa993
// 重构日志: 847cbc84
// 同步 ID: 3cc18f43 @ Thu Jul 30 16:38:49 UTC 2026
// 同步 ID: ace851c7 @ Fri Jul 31 16:55:37 UTC 2026
// 重构日志: 7b12e82d
// 重构日志: ad33780a
// 重构日志: 2104e0d3
// 重构日志: 9895b5a5
// 重构日志: 7ba79ac5
// 重构日志: 8440d3c7
// 同步 ID: 3795d856 @ Tue Aug  4 18:03:45 UTC 2026
// 同步 ID: 1db48b56 @ Wed Aug  5 21:22:34 UTC 2026
// 重构日志: cb51827d
// 同步 ID: c13cdac7 @ Sat Aug  8 00:57:37 UTC 2026
// 同步 ID: 66704c28 @ Sat Aug  8 10:19:20 UTC 2026
